[    0.000000] Linux version 4.15.0-72-generic (buildd@lcy01-amd64-026) (gcc version 7.4.0 (Ubuntu 7.4.0-1ubuntu1~18.04.1)) #81-Ubuntu SMP Tue Nov 26 12:20:02 UTC 2019 (Ubuntu 4.15.0-72.81-generic 4.15.18)
[    0.000000] Command line: BOOT_IMAGE=/boot/vmlinuz-4.15.0-72-generic root=LABEL=cloudimg-rootfs ro console=tty1 console=ttyS0
[    0.000000] KERNEL supported cpus:
[    0.000000]   Intel GenuineIntel
[    0.000000]   AMD AuthenticAMD
[    0.000000]   Centaur CentaurHauls
[    0.000000] x86/fpu: Supporting XSAVE feature 0x001: 'x87 floating point registers'
[    0.000000] x86/fpu: Supporting XSAVE feature 0x002: 'SSE registers'
[    0.000000] x86/fpu: Supporting XSAVE feature 0x004: 'AVX registers'
[    0.000000] x86/fpu: xstate_offset[2]:  576, xstate_sizes[2]:  256
[    0.000000] x86/fpu: Enabled xstate features 0x7, context size is 832 bytes, using 'standard' format.
[    0.000000] e820: BIOS-provided physical RAM map:
[    0.000000] BIOS-e820: [mem 0x0000000000000000-0x000000000009fbff] usable
[    0.000000] BIOS-e820: [mem 0x000000000009fc00-0x000000000009ffff] reserved
[    0.000000] BIOS-e820: [mem 0x00000000000f0000-0x00000000000fffff] reserved
[    0.000000] BIOS-e820: [mem 0x0000000000100000-0x000000003ffeffff] usable
[    0.000000] BIOS-e820: [mem 0x000000003fff0000-0x000000003fffffff] ACPI data
[    0.000000] BIOS-e820: [mem 0x00000000fec00000-0x00000000fec00fff] reserved
[    0.000000] BIOS-e820: [mem 0x00000000fee00000-0x00000000fee00fff] reserved
[    0.000000] BIOS-e820: [mem 0x00000000fffc0000-0x00000000ffffffff] reserved
[    0.000000] NX (Execute Disable) protection: active
[    0.000000] SMBIOS 2.5 present.
[    0.000000] DMI: innotek GmbH VirtualBox/VirtualBox, BIOS VirtualBox 12/01/2006
[    0.000000] Hypervisor detected: KVM
[    0.000000] e820: last_pfn = 0x3fff0 max_arch_pfn = 0x400000000
[    0.000000] MTRR: Disabled
[    0.000000] x86/PAT: MTRRs disabled, skipping PAT initialization too.
[    0.000000] CPU MTRRs all blank - virtualized system.
[    0.000000] x86/PAT: Configuration [0-7]: WB  WT  UC- UC  WB  WT  UC- UC  
[    0.000000] found SMP MP-table at [mem 0x0009fff0-0x0009ffff]
[    0.000000] Scanning 1 areas for low memory corruption
[    0.000000] RAMDISK: [mem 0x35a71000-0x36d2ffff]
[    0.000000] ACPI: Early table checksum verification disabled
[    0.000000] ACPI: RSDP 0x00000000000E0000 000024 (v02 VBOX  )
[    0.000000] ACPI: XSDT 0x000000003FFF0030 00003C (v01 VBOX   VBOXXSDT 00000001 ASL  00000061)
[    0.000000] ACPI: FACP 0x000000003FFF00F0 0000F4 (v04 VBOX   VBOXFACP 00000001 ASL  00000061)
[    0.000000] ACPI: DSDT 0x000000003FFF0470 0022EA (v02 VBOX   VBOXBIOS 00000002 INTL 20100528)
[    0.000000] ACPI: FACS 0x000000003FFF0200 000040
[    0.000000] ACPI: FACS 0x000000003FFF0200 000040
[    0.000000] ACPI: APIC 0x000000003FFF0240 00005C (v02 VBOX   VBOXAPIC 00000001 ASL  00000061)
[    0.000000] ACPI: SSDT 0x000000003FFF02A0 0001CC (v01 VBOX   VBOXCPUT 00000002 INTL 20100528)
[    0.000000] No NUMA configuration found
[    0.000000] Faking a node at [mem 0x0000000000000000-0x000000003ffeffff]
[    0.000000] NODE_DATA(0) allocated [mem 0x3ffc5000-0x3ffeffff]
[    0.000000] kvm-clock: cpu 0, msr 0:3ff44001, primary cpu clock
[    0.000000] kvm-clock: Using msrs 4b564d01 and 4b564d00
[    0.000000] kvm-clock: using sched offset of 5582926835 cycles
[    0.000000] clocksource: kvm-clock: mask: 0xffffffffffffffff max_cycles: 0x1cd42e4dffb, max_idle_ns: 881590591483 ns
[    0.000000] Zone ranges:
[    0.000000]   DMA      [mem 0x0000000000001000-0x0000000000ffffff]
[    0.000000]   DMA32    [mem 0x0000000001000000-0x000000003ffeffff]
[    0.000000]   Normal   empty
[    0.000000]   Device   empty
[    0.000000] Movable zone start for each node
[    0.000000] Early memory node ranges
[    0.000000]   node   0: [mem 0x0000000000001000-0x000000000009efff]
[    0.000000]   node   0: [mem 0x0000000000100000-0x000000003ffeffff]
[    0.000000] Reserved but unavailable: 98 pages
[    0.000000] Initmem setup node 0 [mem 0x0000000000001000-0x000000003ffeffff]
[    0.000000] ACPI: PM-Timer IO Port: 0x4008
[    0.000000] IOAPIC[0]: apic_id 2, version 32, address 0xfec00000, GSI 0-23
[    0.000000] ACPI: INT_SRC_OVR (bus 0 bus_irq 0 global_irq 2 dfl dfl)
[    0.000000] ACPI: INT_SRC_OVR (bus 0 bus_irq 9 global_irq 9 low level)
[    0.000000] Using ACPI (MADT) for SMP configuration information
[    0.000000] smpboot: Allowing 2 CPUs, 0 hotplug CPUs
[    0.000000] PM: Registered nosave memory: [mem 0x00000000-0x00000fff]
[    0.000000] PM: Registered nosave memory: [mem 0x0009f000-0x0009ffff]
[    0.000000] PM: Registered nosave memory: [mem 0x000a0000-0x000effff]
[    0.000000] PM: Registered nosave memory: [mem 0x000f0000-0x000fffff]
[    0.000000] e820: [mem 0x40000000-0xfebfffff] available for PCI devices
[    0.000000] Booting paravirtualized kernel on KVM
[    0.000000] clocksource: refined-jiffies: mask: 0xffffffff max_cycles: 0xffffffff, max_idle_ns: 7645519600211568 ns
[    0.000000] random: get_random_bytes called from start_kernel+0x99/0x4fd with crng_init=0
[    0.000000] setup_percpu: NR_CPUS:8192 nr_cpumask_bits:2 nr_cpu_ids:2 nr_node_ids:1
[    0.000000] percpu: Embedded 45 pages/cpu s147456 r8192 d28672 u1048576
[    0.000000] PV qspinlock hash table entries: 256 (order: 0, 4096 bytes)
[    0.000000] Built 1 zonelists, mobility grouping on.  Total pages: 257913
[    0.000000] Policy zone: DMA32
[    0.000000] Kernel command line: BOOT_IMAGE=/boot/vmlinuz-4.15.0-72-generic root=LABEL=cloudimg-rootfs ro console=tty1 console=ttyS0
[    0.000000] Memory: 983400K/1048120K available (12300K kernel code, 2481K rwdata, 4264K rodata, 2428K init, 2388K bss, 64720K reserved, 0K cma-reserved)
[    0.000000] SLUB: HWalign=64, Order=0-3, MinObjects=0, CPUs=2, Nodes=1
[    0.000000] Kernel/User page tables isolation: enabled
[    0.000000] ftrace: allocating 39318 entries in 154 pages
[    0.004000] Hierarchical RCU implementation.
[    0.004000] 	RCU restricting CPUs from NR_CPUS=8192 to nr_cpu_ids=2.
[    0.004000] 	Tasks RCU enabled.
[    0.004000] RCU: Adjusting geometry for rcu_fanout_leaf=16, nr_cpu_ids=2
[    0.004000] NR_IRQS: 524544, nr_irqs: 440, preallocated irqs: 16
[    0.004000] Console: colour VGA+ 80x25
[    0.004000] console [tty1] enabled
[    0.004000] console [ttyS0] enabled
[    0.004000] ACPI: Core revision 20170831
[    0.004000] ACPI: 2 ACPI AML tables successfully acquired and loaded
[    0.004000] APIC: Switch to symmetric I/O mode setup
[    0.004288] x2apic enabled
[    0.005393] Switched APIC routing to physical x2apic.
[    0.008000] ..TIMER: vector=0x30 apic1=0 pin1=2 apic2=-1 pin2=-1
[    0.008003] tsc: Detected 1991.999 MHz processor
[    0.009281] Calibrating delay loop (skipped) preset value.. 3983.99 BogoMIPS (lpj=7967996)
[    0.012003] pid_max: default: 32768 minimum: 301
[    0.013418] Security Framework initialized
[    0.014652] Yama: becoming mindful.
[    0.016029] AppArmor: AppArmor initialized
[    0.019255] Dentry cache hash table entries: 131072 (order: 8, 1048576 bytes)
[    0.020073] Inode-cache hash table entries: 65536 (order: 7, 524288 bytes)
[    0.024024] Mount-cache hash table entries: 2048 (order: 2, 16384 bytes)
[    0.025874] Mountpoint-cache hash table entries: 2048 (order: 2, 16384 bytes)
[    0.028000] Last level iTLB entries: 4KB 64, 2MB 8, 4MB 8
[    0.028003] Last level dTLB entries: 4KB 64, 2MB 0, 4MB 0, 1GB 4
[    0.029765] Spectre V1 : Mitigation: usercopy/swapgs barriers and __user pointer sanitization
[    0.032004] Spectre V2 : Mitigation: Full generic retpoline
[    0.033280] Spectre V2 : Spectre v2 / SpectreRSB mitigation: Filling RSB on context switch
[    0.036003] Speculative Store Bypass: Vulnerable
[    0.037437] MDS: Mitigation: Clear CPU buffers
[    0.040192] Freeing SMP alternatives memory: 36K
[    0.153890] smpboot: CPU0: Intel(R) Core(TM) i5-6360U CPU @ 2.00GHz (family: 0x6, model: 0x4e, stepping: 0x3)
[    0.156000] Performance Events: unsupported p6 CPU model 78 no PMU driver, software events only.
[    0.156038] Hierarchical SRCU implementation.
[    0.160021] NMI watchdog: Perf event create on CPU 0 failed with -2
[    0.162037] NMI watchdog: Perf NMI watchdog permanently disabled
[    0.164133] smp: Bringing up secondary CPUs ...
[    0.165713] x86: Booting SMP configuration:
[    0.166677] .... node  #0, CPUs:      #1
[    0.004000] kvm-clock: cpu 1, msr 0:3ff44041, secondary cpu clock
[    0.171666] smp: Brought up 1 node, 2 CPUs
[    0.172006] smpboot: Max logical packages: 1
[    0.173315] smpboot: Total of 2 processors activated (7967.99 BogoMIPS)
[    0.176162] devtmpfs: initialized
[    0.177115] x86/mm: Memory block size: 128MB
[    0.178551] evm: security.selinux
[    0.180003] evm: security.SMACK64
[    0.181214] evm: security.SMACK64EXEC
[    0.182058] evm: security.SMACK64TRANSMUTE
[    0.184003] evm: security.SMACK64MMAP
[    0.184879] evm: security.apparmor
[    0.185968] evm: security.ima
[    0.186899] evm: security.capability
[    0.188176] clocksource: jiffies: mask: 0xffffffff max_cycles: 0xffffffff, max_idle_ns: 7645041785100000 ns
[    0.191134] futex hash table entries: 512 (order: 3, 32768 bytes)
[    0.193826] pinctrl core: initialized pinctrl subsystem
[    0.196141] RTC time: 17:17:03, date: 12/14/19
[    0.197473] NET: Registered protocol family 16
[    0.198582] audit: initializing netlink subsys (disabled)
[    0.200056] audit: type=2000 audit(1576343830.169:1): state=initialized audit_enabled=0 res=1
[    0.204014] cpuidle: using governor ladder
[    0.206398] cpuidle: using governor menu
[    0.208045] ACPI: bus type PCI registered
[    0.208978] acpiphp: ACPI Hot Plug PCI Controller Driver version: 0.5
[    0.210571] PCI: Using configuration type 1 for base access
[    0.213189] HugeTLB registered 2.00 MiB page size, pre-allocated 0 pages
[    0.216108] ACPI: Added _OSI(Module Device)
[    0.220003] ACPI: Added _OSI(Processor Device)
[    0.221045] ACPI: Added _OSI(3.0 _SCP Extensions)
[    0.222322] ACPI: Added _OSI(Processor Aggregator Device)
[    0.224004] ACPI: Added _OSI(Linux-Dell-Video)
[    0.225031] ACPI: Added _OSI(Linux-Lenovo-NV-HDMI-Audio)
[    0.226223] ACPI: Added _OSI(Linux-HPI-Hybrid-Graphics)
[    0.228046] ACPI: Executed 1 blocks of module-level executable AML code
[    0.233145] ACPI: Interpreter enabled
[    0.235472] ACPI: (supports S0 S5)
[    0.236004] ACPI: Using IOAPIC for interrupt routing
[    0.237636] PCI: Using host bridge windows from ACPI; if necessary, use "pci=nocrs" and report a bug
[    0.239858] ACPI: Enabled 2 GPEs in block 00 to 07
[    0.248592] ACPI: PCI Root Bridge [PCI0] (domain 0000 [bus 00-ff])
[    0.250641] acpi PNP0A03:00: _OSC: OS supports [ASPM ClockPM Segments MSI]
[    0.252445] acpi PNP0A03:00: _OSC: not requesting OS control; OS requires [ExtendedConfig ASPM ClockPM MSI]
[    0.254775] acpi PNP0A03:00: fail to add MMCONFIG information, can't access extended PCI configuration space under this bridge.
[    0.256495] PCI host bridge to bus 0000:00
[    0.257458] pci_bus 0000:00: root bus resource [io  0x0000-0x0cf7 window]
[    0.260009] pci_bus 0000:00: root bus resource [io  0x0d00-0xffff window]
[    0.261538] pci_bus 0000:00: root bus resource [mem 0x000a0000-0x000bffff window]
[    0.264005] pci_bus 0000:00: root bus resource [mem 0x40000000-0xfdffffff window]
[    0.265732] pci_bus 0000:00: root bus resource [bus 00-ff]
[    0.270998] pci 0000:00:01.1: legacy IDE quirk: reg 0x10: [io  0x01f0-0x01f7]
[    0.272004] pci 0000:00:01.1: legacy IDE quirk: reg 0x14: [io  0x03f6]
[    0.273497] pci 0000:00:01.1: legacy IDE quirk: reg 0x18: [io  0x0170-0x0177]
[    0.276003] pci 0000:00:01.1: legacy IDE quirk: reg 0x1c: [io  0x0376]
[    0.296960] pci 0000:00:07.0: quirk: [io  0x4000-0x403f] claimed by PIIX4 ACPI
[    0.298769] pci 0000:00:07.0: quirk: [io  0x4100-0x410f] claimed by PIIX4 SMB
[    0.307290] ACPI: PCI Interrupt Link [LNKA] (IRQs 5 9 10 *11)
[    0.308350] ACPI: PCI Interrupt Link [LNKB] (IRQs 5 9 *10 11)
[    0.310306] ACPI: PCI Interrupt Link [LNKC] (IRQs 5 *9 10 11)
[    0.312145] ACPI: PCI Interrupt Link [LNKD] (IRQs 5 9 10 *11)
[    0.314301] SCSI subsystem initialized
[    0.316069] pci 0000:00:02.0: vgaarb: setting as boot VGA device
[    0.317804] pci 0000:00:02.0: vgaarb: VGA device added: decodes=io+mem,owns=io+mem,locks=none
[    0.320016] pci 0000:00:02.0: vgaarb: bridge control possible
[    0.321319] vgaarb: loaded
[    0.322006] ACPI: bus type USB registered
[    0.322962] usbcore: registered new interface driver usbfs
[    0.324010] usbcore: registered new interface driver hub
[    0.325240] usbcore: registered new device driver usb
[    0.328076] EDAC MC: Ver: 3.0.0
[    0.329132] PCI: Using ACPI for IRQ routing
[    0.329405] NetLabel: Initializing
[    0.332004] NetLabel:  domain hash size = 128
[    0.333073] NetLabel:  protocols = UNLABELED CIPSOv4 CALIPSO
[    0.334418] NetLabel:  unlabeled traffic allowed by default
[    0.336087] clocksource: Switched to clocksource kvm-clock
[    0.352592] VFS: Disk quotas dquot_6.6.0
[    0.353615] VFS: Dquot-cache hash table entries: 512 (order 0, 4096 bytes)
[    0.355307] AppArmor: AppArmor Filesystem Enabled
[    0.358084] pnp: PnP ACPI init
[    0.361427] pnp: PnP ACPI: found 3 devices
[    0.374135] clocksource: acpi_pm: mask: 0xffffff max_cycles: 0xffffff, max_idle_ns: 2085701024 ns
[    0.376062] NET: Registered protocol family 2
[    0.377579] TCP established hash table entries: 8192 (order: 4, 65536 bytes)
[    0.379191] TCP bind hash table entries: 8192 (order: 5, 131072 bytes)
[    0.382398] TCP: Hash tables configured (established 8192 bind 8192)
[    0.383866] UDP hash table entries: 512 (order: 2, 16384 bytes)
[    0.385257] UDP-Lite hash table entries: 512 (order: 2, 16384 bytes)
[    0.386683] NET: Registered protocol family 1
[    0.387719] pci 0000:00:00.0: Limiting direct PCI/PCI transfers
[    0.389173] pci 0000:00:01.0: Activating ISA DMA hang workarounds
[    0.390669] pci 0000:00:02.0: Video device with shadowed ROM at [mem 0x000c0000-0x000dffff]
[    0.392782] Unpacking initramfs...
[    0.793897] Freeing initrd memory: 19196K
[    0.796983] clocksource: tsc: mask: 0xffffffffffffffff max_cycles: 0x396d4ffc055, max_idle_ns: 881590662783 ns
[    0.802937] platform rtc_cmos: registered platform RTC device (no PNP device found)
[    0.807171] Scanning for low memory corruption every 60 seconds
[    0.810122] Initialise system trusted keyrings
[    0.811654] Key type blacklist registered
[    0.812829] workingset: timestamp_bits=36 max_order=18 bucket_order=0
[    0.815636] zbud: loaded
[    0.816989] squashfs: version 4.0 (2009/01/31) Phillip Lougher
[    0.820169] fuse init (API version 7.26)
[    0.825587] Key type asymmetric registered
[    0.826620] Asymmetric key parser 'x509' registered
[    0.827980] Block layer SCSI generic (bsg) driver version 0.4 loaded (major 246)
[    0.830067] io scheduler noop registered
[    0.831303] io scheduler deadline registered
[    0.832848] io scheduler cfq registered (default)
[    0.834664] ACPI: AC Adapter [AC] (off-line)
[    0.835910] input: Power Button as /devices/LNXSYSTM:00/LNXPWRBN:00/input/input0
[    0.838350] ACPI: Power Button [PWRF]
[    0.839745] input: Sleep Button as /devices/LNXSYSTM:00/LNXSLPBN:00/input/input1
[    0.841601] ACPI: Sleep Button [SLPF]
[    0.843901] ACPI: Battery Slot [BAT0] (battery present)
[    0.844319] Serial: 8250/16550 driver, 32 ports, IRQ sharing enabled
[    0.869723] 00:02: ttyS0 at I/O 0x3f8 (irq = 4, base_baud = 115200) is a 16550A
[    0.873486] Linux agpgart interface v0.103
[    0.875851] loop: module loaded
[    0.882404] scsi host0: ata_piix
[    0.893436] scsi host1: ata_piix
[    0.895126] ata1: PATA max UDMA/33 cmd 0x1f0 ctl 0x3f6 bmdma 0xd000 irq 14
[    0.899281] ata2: PATA max UDMA/33 cmd 0x170 ctl 0x376 bmdma 0xd008 irq 15
[    0.901535] libphy: Fixed MDIO Bus: probed
[    0.902859] tun: Universal TUN/TAP device driver, 1.6
[    0.904601] PPP generic driver version 2.4.2
[    0.914418] ehci_hcd: USB 2.0 'Enhanced' Host Controller (EHCI) Driver
[    0.916448] ehci-pci: EHCI PCI platform driver
[    0.917568] ehci-platform: EHCI generic platform driver
[    0.919184] ohci_hcd: USB 1.1 'Open' Host Controller (OHCI) Driver
[    0.921344] ohci-pci: OHCI PCI platform driver
[    0.922788] ohci-platform: OHCI generic platform driver
[    0.931509] uhci_hcd: USB Universal Host Controller Interface driver
[    0.933375] i8042: PNP: PS/2 Controller [PNP0303:PS2K,PNP0f03:PS2M] at 0x60,0x64 irq 1,12
[    0.940628] serio: i8042 KBD port at 0x60,0x64 irq 1
[    0.944845] serio: i8042 AUX port at 0x60,0x64 irq 12
[    0.946322] mousedev: PS/2 mouse device common for all mice
[    0.949378] rtc_cmos rtc_cmos: rtc core: registered rtc_cmos as rtc0
[    0.954837] rtc_cmos rtc_cmos: alarms up to one day, 114 bytes nvram
[    0.956917] i2c /dev entries driver
[    0.958134] input: AT Translated Set 2 keyboard as /devices/platform/i8042/serio0/input/input2
[    0.960780] device-mapper: uevent: version 1.0.3
[    0.963473] device-mapper: ioctl: 4.37.0-ioctl (2017-09-20) initialised: dm-devel@redhat.com
[    0.965481] ledtrig-cpu: registered to indicate activity on CPUs
[    0.971743] NET: Registered protocol family 10
[    0.999934] Segment Routing with IPv6
[    1.000915] NET: Registered protocol family 17
[    1.002112] Key type dns_resolver registered
[    1.003631] mce: Using 0 MCE banks
[    1.004742] RAS: Correctable Errors collector initialized.
[    1.006384] sched_clock: Marking stable (1004718727, 0)->(1230831291, -226112564)
[    1.008841] registered taskstats version 1
[    1.009810] Loading compiled-in X.509 certificates
[    1.013728] Loaded X.509 cert 'Build time autogenerated kernel key: f4f7241365689b0cbe3898188e65e316fd8f978d'
[    1.016579] zswap: loaded using pool lzo/zbud
[    1.021952] Key type big_key registered
[    1.023012] Key type trusted registered
[    1.025869] Key type encrypted registered
[    1.026895] AppArmor: AppArmor sha1 policy hashing enabled
[    1.028466] ima: No TPM chip found, activating TPM-bypass! (rc=-19)
[    1.029861] ima: Allocated hash algorithm: sha1
[    1.031129] evm: HMAC attrs: 0x1
[    1.032486]   Magic number: 15:611:289
[    1.033655] tty tty22: hash matches
[    1.034819] rtc_cmos rtc_cmos: setting system clock to 2019-12-14 17:17:03 UTC (1576343823)
[    1.037445] BIOS EDD facility v0.16 2004-Jun-25, 0 devices found
[    1.039427] EDD information not available.
[    1.069151] Freeing unused kernel image memory: 2428K
[    1.084342] Write protecting the kernel read-only data: 20480k
[    1.086587] Freeing unused kernel image memory: 2008K
[    1.088596] Freeing unused kernel image memory: 1880K
[    1.097012] x86/mm: Checked W+X mappings: passed, no W+X pages found.
[    1.098675] x86/mm: Checking user space page tables
[    1.106618] x86/mm: Checked W+X mappings: passed, no W+X pages found.
Loading, please wait...
starting version 237
[    1.215109] e1000: Intel(R) PRO/1000 Network Driver - version 7.3.21-k8-NAPI
[    1.218380] e1000: Copyright (c) 1999-2006 Intel Corporation.
[    1.225724] Fusion MPT base driver 3.04.20
[    1.226807] Copyright (c) 1999-2008 LSI Corporation
[    1.240698] AVX2 version of gcm_enc/dec engaged.
[    1.243661] AES CTR mode by8 optimization enabled
[    1.255982] Fusion MPT SPI Host driver 3.04.20
[    1.451530] input: ImExPS/2 Generic Explorer Mouse as /devices/platform/i8042/serio1/input/input4
[    1.685609] e1000 0000:00:03.0 eth0: (PCI:33MHz:32-bit) 02:98:c1:50:7a:e3
[    1.687254] e1000 0000:00:03.0 eth0: Intel(R) PRO/1000 Network Connection
[    1.690566] e1000 0000:00:03.0 enp0s3: renamed from eth0
[    1.692309] mptbase: ioc0: Initiating bringup
[    1.884358] ioc0: LSI53C1030 A0: Capabilities={Initiator}
[    3.686274] scsi host2: ioc0: LSI53C1030 A0, FwRev=00000000h, Ports=1, MaxQ=256, IRQ=20
[    4.162621] scsi 2:0:0:0: Direct-Access     VBOX     HARDDISK         1.0  PQ: 0 ANSI: 5
[    4.196140] scsi target2:0:0: Beginning Domain Validation
[    4.201677] scsi target2:0:0: Domain Validation skipping write tests
[    4.204300] scsi target2:0:0: Ending Domain Validation
[    4.206487] scsi target2:0:0: asynchronous
[    4.209393] scsi 2:0:1:0: Direct-Access     VBOX     HARDDISK         1.0  PQ: 0 ANSI: 5
[    4.244194] scsi target2:0:1: Beginning Domain Validation
[    4.248693] random: fast init done
[    4.250932] scsi target2:0:1: Domain Validation skipping write tests
[    4.253534] scsi target2:0:1: Ending Domain Validation
[    4.255928] scsi target2:0:1: asynchronous
[    4.266865] random: systemd-udevd: uninitialized urandom read (16 bytes read)
[    4.271235] random: systemd-udevd: uninitialized urandom read (16 bytes read)
[    4.274185] random: systemd-udevd: uninitialized urandom read (16 bytes read)
[    4.277617] sd 2:0:0:0: Attached scsi generic sg0 type 0
[    4.278194] sd 2:0:0:0: [sda] 20971520 512-byte logical blocks: (10.7 GB/10.0 GiB)
[    4.279751] sd 2:0:1:0: Attached scsi generic sg1 type 0
[    4.282706] sd 2:0:0:0: [sda] Write Protect is off
[    4.288091] sd 2:0:1:0: [sdb] 20480 512-byte logical blocks: (10.5 MB/10.0 MiB)
[    4.291018] sd 2:0:1:0: [sdb] Write Protect is off
[    4.293055] sd 2:0:0:0: [sda] Incomplete mode parameter data
[    4.293569] sd 2:0:1:0: [sdb] Incomplete mode parameter data
[    4.296943] sd 2:0:0:0: [sda] Assuming drive cache: write through
[    4.299481] sd 2:0:1:0: [sdb] Assuming drive cache: write through
[    4.309864]  sda: sda1
[    4.314135] sd 2:0:1:0: [sdb] Attached SCSI disk
[    4.316669] sd 2:0:0:0: [sda] Attached SCSI disk
Begin: Loading essential drivers ... [    5.880180] raid6: sse2x1   gen()  9670 MB/s
[    5.928238] raid6: sse2x1   xor()  7102 MB/s
[    5.976274] raid6: sse2x2   gen() 11904 MB/s
[    6.024231] raid6: sse2x2   xor()  7343 MB/s
[    6.072027] raid6: sse2x4   gen() 13727 MB/s
[    6.120250] raid6: sse2x4   xor()  8478 MB/s
[    6.168281] raid6: avx2x1   gen() 19268 MB/s
[    6.216205] raid6: avx2x1   xor() 13771 MB/s
[    6.264087] raid6: avx2x2   gen() 23016 MB/s
[    6.312250] raid6: avx2x2   xor() 14799 MB/s
[    6.360289] raid6: avx2x4   gen() 27198 MB/s
[    6.408116] raid6: avx2x4   xor() 11722 MB/s
[    6.409483] raid6: using algorithm avx2x4 gen() 27198 MB/s
[    6.411229] raid6: .... xor() 11722 MB/s, rmw enabled
[    6.412951] raid6: using avx2x2 recovery algorithm
[    6.416376] xor: automatically using best checksumming function   avx       
[    6.420865] async_tx: api initialized (async)
done.
Begin: Running /scripts/init-premount ... done.
Begin: Mounting root file system ... Begin: Running /scripts/local-top ... done.
Begin: Running /scripts/local-premount ... [    6.511209] Btrfs loaded, crc32c=crc32c-intel
Scanning for Btrfs filesystems
done.
Warning: fsck not present, so skipping root file system
[    6.612633] EXT4-fs (sda1): mounted filesystem with ordered data mode. Opts: (null)
done.
Begin: Running /scripts/local-bottom ... done.
Begin: Running /scripts/init-bottom ... done.
[    7.437608] ip_tables: (C) 2000-2006 Netfilter Core Team
[    7.478417] systemd[1]: systemd 237 running in system mode. (+PAM +AUDIT +SELINUX +IMA +APPARMOR +SMACK +SYSVINIT +UTMP +LIBCRYPTSETUP +GCRYPT +GNUTLS +ACL +XZ +LZ4 +SECCOMP +BLKID +ELFUTILS +KMOD -IDN2 +IDN -PCRE2 default-hierarchy=hybrid)
[    7.485009] systemd[1]: Detected virtualization oracle.
[    7.486623] systemd[1]: Detected architecture x86-64.

Welcome to [1mUbuntu 18.04.3 LTS[0m!

[    7.497186] systemd[1]: Set hostname to <ubuntu>.
[    7.535289] systemd[1]: Initializing machine ID from random generator.
[    7.537344] systemd[1]: Installed transient /etc/machine-id file.
[    8.265697] systemd[1]: Reached target User and Group Name Lookups.
[[0;32m  OK  [0m] Reached target User and Group Name Lookups.
[    8.268927] systemd[1]: Set up automount Arbitrary Executable File Formats File System Automount Point.
[[0;32m  OK  [0m] Set up automount Arbitrary Executabâ€¦rmats File System Automount Point.
[    8.274857] systemd[1]: Created slice System Slice.
[[0;32m  OK  [0m] Created slice System Slice.
[    8.277137] systemd[1]: Listening on Network Service Netlink Socket.
[[0;32m  OK  [0m] Listening on Network Service Netlink Socket.
[[0;32m  OK  [0m] Listening on Device-mapper event daemon FIFOs.
[[0;32m  OK  [0m] Reached target System Time Synchronized.
[[0;32m  OK  [0m] Listening on Syslog Socket.
[[0;32m  OK  [0m] Listening on Journal Socket (/dev/log).
[[0;32m  OK  [0m] Reached target Swap.
[[0;32m  OK  [0m] Listening on udev Control Socket.
[[0;32m  OK  [0m] Listening on /dev/initctl Compatibility Named Pipe.
[[0;32m  OK  [0m] Created slice system-serial\x2dgetty.slice.
[[0;32m  OK  [0m] Created slice User and Session Slice.
[[0;32m  OK  [0m] Reached target Slices.
[[0;32m  OK  [0m] Listening on Journal Socket.
         Starting Set the console keyboard layout...
         Starting Uncomplicated firewall...
         Starting Load Kernel Modules...
         Mounting Kernel Debug File System...
         Starting Create list of required stâ€¦ce nodes for the current kernel...
[[0;32m  OK  [0m] Started Forward Password Requests to Wall Directory Watch.
         Mounting POSIX Message Queue File System...
[[0;32m  OK  [0m] Listening on LVM2 poll daemon socket.
[[0;32m  OK  [0m] Listening on LVM2 metadata daemon socket.
[[0;32m  OK  [0m] Listening on udev Kernel Socket.
         Starting udev Coldplug all Devices...
[    8.331445] random: crng init done
[    8.332535] random: 7 urandom warning(s) missed due to ratelimiting
         Starting Remount Root and Kernel File Systems...
[[0;32m  OK  [0m] Listening on Journal Audit Socket.
         Starting Journal Service...
[    8.359474] Loading iSCSI transport class v2.0-870.
         Starting Monitoring of LVM2 mirrorsâ€¦ng dmeventd or progress polling...
         Mounting Huge Pages File System...
[[0;32m  OK  [0m] Started Uncomplicated firewall.
[[0;32m  OK  [0m] Mounted Kernel Debug File System.
[[0;32m  OK  [0m] Mounted Huge Pages File System.
[[0;32m  OK  [0m] Mounted POSIX Message Queue File System.
[[0;32m  OK  [0m] Started Create list of required staâ€¦vice nodes for the current kernel.
         Starting Create Static Device Nodes in /dev...
[[0;32m  OK  [0m] Started LVM2 metadata daemon.
[[0;32m  OK  [0m] Started udev Coldplug all Devices.
[    8.601419] iscsi: registered transport (tcp)
[    8.621654] iscsi: registered transport (iser)
[[0;32m  OK  [0m] Started Load Kernel Modules.
         Starting Apply Kernel Variables...
         Mounting FUSE Control File System...
         Mounting Kernel Configuration File System...
[[0;32m  OK  [0m] Mounted Kernel Configuration File System.
[[0;32m  OK  [0m] Mounted FUSE Control File System.
[[0;32m  OK  [0m] Started Journal Service.
[[0;32m  OK  [0m] Started Create Static Device Nodes in /dev.
[    8.665726] EXT4-fs (sda1): re-mounted. Opts: (null)
[[0;32m  OK  [0m] Started Remount Root and Kernel File Systems.
         Starting Load/Save Random Seed...
         Starting Flush Journal to Persistent Storage...
         Starting udev Kernel Device Manager...
[[0;32m  OK  [0m] Started Monitoring of LVM2 mirrors,â€¦sing dmeventd or progress polling.
[[0;32m  OK  [0m] Started Load/Save Random Seed.
[[0;32m  OK  [0m] Started Apply Kernel Variables.
[[0;32m  OK  [0m] Started udev Kernel Device Manager.
[[0;32m  OK  [0m] Started Flush Journal to Persistent Storage.
[[0;32m  OK  [0m] Found device /dev/ttyS0.
[[0;32m  OK  [0m] Listening on Load/Save RF Kill Switch Status /dev/rfkill Watch.
[[0;32m  OK  [0m] Started Set the console keyboard layout.
[[0;32m  OK  [0m] Started Dispatch Password Requests to Console Directory Watch.
[[0;32m  OK  [0m] Reached target Local Encrypted Volumes.
[[0;32m  OK  [0m] Reached target Local File Systems (Pre).
[[0;32m  OK  [0m] Reached target Local File Systems.
         Starting Create Volatile Files and Directories...
         Starting Set console font and keymap...
         Starting AppArmor initialization...
         Starting ebtables ruleset management...
         Starting Tell Plymouth To Write Out Runtime Data...
         Starting Commit a transient machine-id on disk...
[[0;32m  OK  [0m] Started Create Volatile Files and Directories.
         Starting Update UTMP about System Boot/Shutdown...
[[0;32m  OK  [0m] Started Set console font and keymap.
[[0;32m  OK  [0m] Started Tell Plymouth To Write Out Runtime Data.
[[0;32m  OK  [0m] Started Update UTMP about System Boot/Shutdown.
[[0;32m  OK  [0m] Started Commit a transient machine-id on disk.
[[0;32m  OK  [0m] Started ebtables ruleset management.
[[0;32m  OK  [0m] Started AppArmor initialization.
         Starting Initial cloud-init job (pre-networking)...
[   13.047980] cloud-init[644]: Cloud-init v. 19.2-36-g059d049c-0ubuntu2~18.04.1 running 'init-local' at Sat, 14 Dec 2019 17:17:14 +0000. Up 12.52 seconds.
[[0;32m  OK  [0m] Started Initial cloud-init job (pre-networking).
[[0;32m  OK  [0m] Reached target Network (Pre).
         Starting Network Service...
[[0;32m  OK  [0m] Started Network Service.
         Starting Wait for Network to be Configured...
         Starting Network Name Resolution...
[[0;32m  OK  [0m] Started Network Name Resolution.
[[0;32m  OK  [0m] Reached target Network.
[[0;32m  OK  [0m] Reached target Host and Network Name Lookups.
[[0;32m  OK  [0m] Started Wait for Network to be Configured.
         Starting Initial cloud-init job (metadata service crawler)...
[   15.745872] cloud-init[772]: Cloud-init v. 19.2-36-g059d049c-0ubuntu2~18.04.1 running 'init' at Sat, 14 Dec 2019 17:17:18 +0000. Up 15.59 seconds.
[   15.750066] cloud-init[772]: ci-info: ++++++++++++++++++++++++++++++++++++++Net device info++++++++++++++++++++++++++++++++++++++
[   15.753736] cloud-init[772]: ci-info: +--------+------+----------------------------+---------------+--------+-------------------+
[   15.768716] cloud-init[772]: ci-info: | Device |  Up  |          Address           |      Mask     | Scope  |     Hw-Address    |
[   15.772932] cloud-init[772]: ci-info: +--------+------+----------------------------+---------------+--------+-------------------+
[   15.776455] cloud-init[772]: ci-info: | enp0s3 | True |         10.0.2.15          | 255.255.255.0 | global | 02:98:c1:50:7a:e3 |
[   15.782042] cloud-init[772]: ci-info: | enp0s3 | True | fe80::98:c1ff:fe50:7ae3/64 |       .       |  link  | 02:98:c1:50:7a:e3 |
[   15.785280] cloud-init[772]: ci-info: |   lo   | True |         127.0.0.1          |   255.0.0.0   |  host  |         .         |
[   15.788675] cloud-init[772]: ci-info: |   lo   | True |          ::1/128           |       .       |  host  |         .         |
[   15.791974] cloud-init[772]: ci-info: +--------+------+----------------------------+---------------+--------+-------------------+
[   15.795333] cloud-init[772]: ci-info: ++++++++++++++++++++++++++++Route IPv4 info+++++++++++++++++++++++++++++
[   15.798337] cloud-init[772]: ci-info: +-------+-------------+----------+-----------------+-----------+-------+
[   15.801214] cloud-init[772]: ci-info: | Route | Destination | Gateway  |     Genmask     | Interface | Flags |
[   15.804383] cloud-init[772]: ci-info: +-------+-------------+----------+-----------------+-----------+-------+
[   15.807367] cloud-init[772]: ci-info: |   0   |   0.0.0.0   | 10.0.2.2 |     0.0.0.0     |   enp0s3  |   UG  |
[   15.810366] cloud-init[772]: ci-info: |   1   |   10.0.2.0  | 0.0.0.0  |  255.255.255.0  |   enp0s3  |   U   |
[   15.813183] cloud-init[772]: ci-info: |   2   |   10.0.2.2  | 0.0.0.0  | 255.255.255.255 |   enp0s3  |   UH  |
[   15.816257] cloud-init[772]: ci-info: +-------+-------------+----------+-----------------+-----------+-------+
[   15.818312] cloud-init[772]: ci-info: +++++++++++++++++++Route IPv6 info+++++++++++++++++++
[   15.819882] cloud-init[772]: ci-info: +-------+-------------+---------+-----------+-------+
[   15.822147] cloud-init[772]: ci-info: | Route | Destination | Gateway | Interface | Flags |
[   15.824268] cloud-init[772]: ci-info: +-------+-------------+---------+-----------+-------+
[   15.825741] cloud-init[772]: ci-info: |   1   |  fe80::/64  |    ::   |   enp0s3  |   U   |
[   15.828567] cloud-init[772]: ci-info: |   3   |    local    |    ::   |   enp0s3  |   U   |
[   15.831228] cloud-init[772]: ci-info: |   4   |   ff00::/8  |    ::   |   enp0s3  |   U   |
[   15.833729] cloud-init[772]: ci-info: +-------+-------------+---------+-----------+-------+
[   16.710775] cloud-init[772]: Generating public/private rsa key pair.
[   16.712772] cloud-init[772]: Your identification has been saved in /etc/ssh/ssh_host_rsa_key.
[   16.715398] cloud-init[772]: Your public key has been saved in /etc/ssh/ssh_host_rsa_key.pub.
[   16.718135] cloud-init[772]: The key fingerprint is:
[   16.719828] cloud-init[772]: SHA256:5MfGX20O7JT1ipXfbzozeHomRLgYBU0P6wTG4xcr3N8 root@ubuntu-bionic
[   16.722786] cloud-init[772]: The key's randomart image is:
[   16.726108] cloud-init[772]: +---[RSA 2048]----+
[   16.727681] cloud-init[772]: |       .++o      |
[   16.729324] cloud-init[772]: |       .o.++     |
[   16.730724] cloud-init[772]: |       o.+o+.   .|
[   16.732190] cloud-init[772]: |       o=== .. =.|
[   16.733601] cloud-init[772]: |        S=*+ .O +|
[   16.735004] cloud-init[772]: |        .o..o*E*.|
[   16.736536] cloud-init[772]: |           .o.o +|
[   16.738370] cloud-init[772]: |            o B o|
[   16.739816] cloud-init[772]: |            .*.*.|
[   16.741309] cloud-init[772]: +----[SHA256]-----+
[   16.742717] cloud-init[772]: Generating public/private dsa key pair.
[   16.744532] cloud-init[772]: Your identification has been saved in /etc/ssh/ssh_host_dsa_key.
[   16.747097] cloud-init[772]: Your public key has been saved in /etc/ssh/ssh_host_dsa_key.pub.
[   16.749557] cloud-init[772]: The key fingerprint is:
[   16.751074] cloud-init[772]: SHA256:iQijDe3yqJs8S+xmnrXoFvl1PJqvDIS+eIuqI5t14DM root@ubuntu-bionic
[   16.753661] cloud-init[772]: The key's randomart image is:
[   16.755048] cloud-init[772]: +---[DSA 1024]----+
[   16.756268] cloud-init[772]: |                 |
[   16.757336] cloud-init[772]: | .               |
[   16.758527] cloud-init[772]: |. +              |
[   16.759583] cloud-init[772]: | =.o . . .       |
[   16.760712] cloud-init[772]: |o.=.. o S        |
[   16.761964] cloud-init[772]: |oB.. . +         |
[   16.763248] cloud-init[772]: |.+Eoo + .        |
[   16.764829] cloud-init[772]: |OX*=+o           |
[   16.766302] cloud-init[772]: |^#+o oo.         |
[   16.767819] cloud-init[772]: +----[SHA256]-----+
[   16.769436] cloud-init[772]: Generating public/private ecdsa key pair.
[   16.771508] cloud-init[772]: Your identification has been saved in /etc/ssh/ssh_host_ecdsa_key.
[   16.774005] cloud-init[772]: Your public key has been saved in /etc/ssh/ssh_host_ecdsa_key.pub.
[   16.776515] cloud-init[772]: The key fingerprint is:
[   16.777994] cloud-init[772]: SHA256:R3/PN2vfpiEFpJS4q6hCzwRcBoCYOFCe8EkN+098QG8 root@ubuntu-bionic
[[0;32m  OK  [0m] [   16.788603] cloud-init[772]: The key's randomart image is:
[   16.788738] cloud-init[772]: +---[ECDSA 256]---+
[   16.789525] cloud-init[772]: |X+=o  .  ....    |
[   16.790314] cloud-init[772]: |*= *.. ....o     |
[   16.791236] cloud-init[772]: |..O   . E.o .    |
[   16.792879] cloud-init[772]: | o . . o.. . .   |
[   16.793813] cloud-init[772]: |  . . o S.. . o  |
[   16.794763] cloud-init[772]: | . . o ...   o o |
[   16.795710] cloud-init[772]: |. +  ...    . ..+|
[   16.796798] cloud-init[772]: |.  o. .      . o*|
[   16.797728] cloud-init[772]: | ...          o++|
[   16.798692] cloud-init[772]: +----[SHA256]-----+
[   16.799650] cloud-init[772]: Generating public/private ed25519 key pair.
[   16.801265] cloud-init[772]: Your identification has been saved in /etc/ssh/ssh_host_ed25519_key.
[   16.802215] cloud-init[772]: Your public key has been saved in /etc/ssh/ssh_host_ed25519_key.pub.
[   16.803172] cloud-init[772]: The key fingerprint is:
[   16.804805] cloud-init[772]: SHA256:IifrP5gDTTdaP64piIxo82UXYIUfeEiPjQPrzZHtmeI root@ubuntu-bionic
[   16.805764] cloud-init[772]: The key's randomart image is:
[   16.806743] cloud-init[772]: +--[ED25519 256]--+
[   16.807736] cloud-init[772]: |   ...+.         |
[   16.808752] cloud-init[772]: |    o+Oo         |
Started Initial cloud-init job (metadata service crawler).
[   16.809632] cloud-init[772]: |   . Oo+.        |
[   16.816170] cloud-init[772]: |  . = O.o        |
[   16.817461] cloud-init[772]: |   +oBoBS        |
[[   16.818660] cloud-init[772]: |  . +=..+        |
[   16.818783] cloud-init[772]: |+. o.E o .       |
[   16.819599] cloud-init[772]: |++..B o..        |
[   16.821017] cloud-init[772]: |. o..++o         |
[   16.822164] cloud-init[772]: +----[SHA256]-----+
[0;32m  OK  [0m] Reached target System Initialization.
[[0;32m  OK  [0m] Listening on D-Bus System Message Bus Socket.
[[0;32m  OK  [0m] Started Daily apt download activities.
[[0;32m  OK  [0m] Started Daily apt upgrade and clean activities.
[[0;32m  OK  [0m] Started Daily Cleanup of Temporary Directories.
[[0;32m  OK  [0m] Listening on Open-iSCSI iscsid Socket.
[[0;32m  OK  [0m] Started Message of the Day.
[[0;32m  OK  [0m] Listening on ACPID Listen Socket.
         Starting Socket activation for snappy daemon.
[[0;32m  OK  [0m] Started Discard unused blocks once a week.
[[0;32m  OK  [0m] Reached target Timers.
[[0;32m  OK  [0m] Started ACPI Events Check.
[[0;32m  OK  [0m] Reached target Paths.
         Starting LXD - unix socket.
[[0;32m  OK  [0m] Listening on UUID daemon activation socket.
[[0;32m  OK  [0m] Reached target Network is Online.
         Starting Availability of block devices...
[[0;32m  OK  [0m] Reached target Remote File Systems (Pre).
[[0;32m  OK  [0m] Reached target Remote File Systems.
[[0;32m  OK  [0m] Reached target Cloud-config availability.
[[0;32m  OK  [0m] Listening on Socket activation for snappy daemon.
[[0;32m  OK  [0m] Listening on LXD - unix socket.
[[0;32m  OK  [0m] Started Availability of block devices.
[[0;32m  OK  [0m] Reached target Sockets.
[[0;32m  OK  [0m] Reached target Basic System.
[[0;32m  OK  [0m] Started FUSE filesystem for LXC.
[[0;32m  OK  [0m] Started irqbalance daemon.
         Starting LXD - container startup/shutdown...
         Starting Permit User Sessions...
[[0;32m  OK  [0m] Started D-Bus System Message Bus.
         Starting LSB: Record successful boot for GRUB...
         Starting LSB: automatic crash report generation...
         Starting Dispatcher daemon for systemd-networkd...
         Starting Virtualbox guest utils...
         Starting Pollinate to seed the pseudo random number generator...
[[0;32m  OK  [0m] Started Regular background program processing daemon.
         Starting Accounts Service...
[[0;32m  OK  [0m] Started Deferred execution scheduler.
         Starting Login Service...
         Starting System Logging Service...
         Starting Snappy daemon...
[[0;32m  OK  [0m] Started Permit User Sessions.
         Starting Terminate Plymouth Boot Screen...
         Starting Hold until boot process finishes up...
[[0;32m  OK  [0m] Started Hold until boot process finishes up.
[[0;32m  OK  [0m] Started Serial Getty on ttyS0.
         Starting Set console scheme...
[[0;32m  OK  [0m] Started Terminate Plymouth Boot Screen.
[[0;32m  OK  [0m] Started Login Service.
[[0;32m  OK  [0m] Started Unattended Upgrades Shutdown.
[[0;32m  OK  [0m] Started System Logging Service.
[[0;32m  OK  [0m] Started Set console scheme.
[[0;32m  OK  [0m] Created slice system-getty.slice.
[[0;32m  OK  [0m] Started Getty on tty1.
[[0;32m  OK  [0m] Reached target Login Prompts.
         Starting Authorization Manager...
[[0;32m  OK  [0m] Started LSB: automatic crash report generation.
[[0;32m  OK  [0m] Started LSB: Record successful boot for GRUB.
[[0;32m  OK  [0m] Started Authorization Manager.
[[0;32m  OK  [0m] Started Accounts Service.
[[0;32m  OK  [0m] Started Virtualbox guest utils.
[[0;32m  OK  [0m] Started Dispatcher daemon for systemd-networkd.
[[0;32m  OK  [0m] Started LXD - container startup/shutdown.
[[0;32m  OK  [0m] Started Snappy daemon.
         Starting Wait until snapd is fully seeded...

Ubuntu 18.04.3 LTS ubuntu-bionic ttyS0

ubuntu-bionic login: [   60.139904] cloud-init[1796]: Cloud-init v. 19.2-36-g059d049c-0ubuntu2~18.04.1 running 'modules:config' at Sat, 14 Dec 2019 17:18:02 +0000. Up 59.74 seconds.
ci-info: no authorized ssh keys fingerprints found for user ubuntu.
<14>Dec 14 17:18:03 ec2: 
<14>Dec 14 17:18:03 ec2: #############################################################
<14>Dec 14 17:18:03 ec2: -----BEGIN SSH HOST KEY FINGERPRINTS-----
<14>Dec 14 17:18:03 ec2: 1024 SHA256:iQijDe3yqJs8S+xmnrXoFvl1PJqvDIS+eIuqI5t14DM root@ubuntu-bionic (DSA)
<14>Dec 14 17:18:03 ec2: 256 SHA256:R3/PN2vfpiEFpJS4q6hCzwRcBoCYOFCe8EkN+098QG8 root@ubuntu-bionic (ECDSA)
<14>Dec 14 17:18:03 ec2: 256 SHA256:IifrP5gDTTdaP64piIxo82UXYIUfeEiPjQPrzZHtmeI root@ubuntu-bionic (ED25519)
<14>Dec 14 17:18:03 ec2: 2048 SHA256:5MfGX20O7JT1ipXfbzozeHomRLgYBU0P6wTG4xcr3N8 root@ubuntu-bionic (RSA)
<14>Dec 14 17:18:03 ec2: -----END SSH HOST KEY FINGERPRINTS-----
<14>Dec 14 17:18:03 ec2: #############################################################
-----BEGIN SSH HOST KEY KEYS-----
ecdsa-sha2-nistp256 AAAAE2VjZHNhLXNoYTItbmlzdHAyNTYAAAAIbmlzdHAyNTYAAABBBDw5cIQ1caepC2Ys2kUGgXElshqFXEWTTMqSllQS26e+Kz2ppgxOuqJ4abQhFMzrGRhtI9Pla9V+VHQ9p8r5MLo= root@ubuntu-bionic
ssh-ed25519 AAAAC3NzaC1lZDI1NTE5AAAAILSg/Link/te9CwWoPQ3QgbXo/wlEbD9VrW9ffeOANQ9 root@ubuntu-bionic
ssh-rsa AAAAB3NzaC1yc2EAAAADAQABAAABAQDBGxDbcY1hdZ0dhSz/JNzDGiuphc+PlsLr8QTyJVkapW+MDAyX6X1+iHbR3InLG+Q2UJGyceO1TdZEloaev0XfEJu7vBplw9dEOGEHPfvHaZyM6UdPvJRGAGXZM9QOjycePhRIjObZfClccU5WbEQZk9cDHFV6kFk+nUZYHMzrey4dkUbCPkHaz9w2LK54qknxZ0Un5u51aNNsEuy1XKKo/+WXniMDpSnyaTXwIRNjBB8qQb6S23QnkpkWZSEn6yuxLpN3BNyGlEJId1RzDbWbM2pHBlNljbJkgBV7ez4OzONtYPo5Zf1n4fc9z9L8nkTn6SnKZ6yU8H1hT1CSrYSn root@ubuntu-bionic
-----END SSH HOST KEY KEYS-----
[   60.828901] cloud-init[1848]: Cloud-init v. 19.2-36-g059d049c-0ubuntu2~18.04.1 running 'modules:final' at Sat, 14 Dec 2019 17:18:03 +0000. Up 60.63 seconds.
[   60.829019] cloud-init[1848]: ci-info: no authorized ssh keys fingerprints found for user ubuntu.
[   60.829841] cloud-init[1848]: Cloud-init v. 19.2-36-g059d049c-0ubuntu2~18.04.1 finished at Sat, 14 Dec 2019 17:18:03 +0000. Datasource DataSourceNoCloud [seed=/dev/sdb][dsmode=net].  Up 60.82 seconds
